2014-03-28 16:31:05+0800 [scrapy] INFO: Scrapy 0.22.2 started (bot: test_scrapy)
2014-03-28 16:31:05+0800 [scrapy] INFO: Optional features available: ssl, http11
2014-03-28 16:31:05+0800 [scrapy] INFO: Overridden settings: {'NEWSPIDER_MODULE': 'test_scrapy.spiders', 'FEED_URI': 'test.json', 'SPIDER_MODULES': ['test_scrapy.spiders'], 'BOT_NAME': 'test_scrapy', 'FEED_FORMAT': 'json', 'LOG_FILE': 'test.log'}
2014-03-28 16:31:05+0800 [scrapy] INFO: Enabled extensions: FeedExporter, LogStats, TelnetConsole, CloseSpider, WebService, CoreStats, SpiderState
2014-03-28 16:31:05+0800 [scrapy] INFO: Enabled downloader middlewares: HttpAuthMiddleware, DownloadTimeoutMiddleware, UserAgentMiddleware, RetryMiddleware, DefaultHeadersMiddleware, MetaRefreshMiddleware, HttpCompressionMiddleware, RedirectMiddleware, CookiesMiddleware, ChunkedTransferMiddleware, DownloaderStats
2014-03-28 16:31:05+0800 [scrapy] INFO: Enabled spider middlewares: HttpErrorMiddleware, OffsiteMiddleware, RefererMiddleware, UrlLengthMiddleware, DepthMiddleware
2014-03-28 16:31:05+0800 [scrapy] INFO: Enabled item pipelines: 
2014-03-28 16:31:05+0800 [spider] INFO: Spider opened
2014-03-28 16:31:05+0800 [spider] INFO: Crawled 0 pages (at 0 pages/min), scraped 0 items (at 0 items/min)
2014-03-28 16:31:05+0800 [scrapy] DEBUG: Telnet console listening on 0.0.0.0:6023
2014-03-28 16:31:05+0800 [scrapy] DEBUG: Web service listening on 0.0.0.0:6080
2014-03-28 16:31:06+0800 [spider] DEBUG: Crawled (200) <GET http://yue.fm/bcd6v> (referer: None)
2014-03-28 16:31:06+0800 [spider] ERROR: Spider error processing <GET http://yue.fm/bcd6v>
	Traceback (most recent call last):
	  File "C:\Python27\lib\site-packages\twisted\internet\base.py", line 824, in runUntilCurrent
	    call.func(*call.args, **call.kw)
	  File "C:\Python27\lib\site-packages\twisted\internet\task.py", line 638, in _tick
	    taskObj._oneWorkUnit()
	  File "C:\Python27\lib\site-packages\twisted\internet\task.py", line 484, in _oneWorkUnit
	    result = next(self._iterator)
	  File "C:\Python27\lib\site-packages\scrapy\utils\defer.py", line 57, in <genexpr>
	    work = (callable(elem, *args, **named) for elem in iterable)
	--- <exception caught here> ---
	  File "C:\Python27\lib\site-packages\scrapy\utils\defer.py", line 96, in iter_errback
	    yield next(it)
	  File "C:\Python27\lib\site-packages\scrapy\contrib\spidermiddleware\offsite.py", line 23, in process_spider_output
	    for x in result:
	  File "C:\Python27\lib\site-packages\scrapy\contrib\spidermiddleware\referer.py", line 22, in <genexpr>
	    return (_set_referer(r) for r in result or ())
	  File "C:\Python27\lib\site-packages\scrapy\contrib\spidermiddleware\urllength.py", line 33, in <genexpr>
	    return (r for r in result or () if _filter(r))
	  File "C:\Python27\lib\site-packages\scrapy\contrib\spidermiddleware\depth.py", line 50, in <genexpr>
	    return (r for r in result or () if _filter(r))
	  File "D:\cloud\code\python\test_scrapy\test_scrapy\spiders\MySpider.py", line 56, in parse
	    yield Request(next_url)
	  File "C:\Python27\lib\site-packages\scrapy\http\request\__init__.py", line 26, in __init__
	    self._set_url(url)
	  File "C:\Python27\lib\site-packages\scrapy\http\request\__init__.py", line 59, in _set_url
	    raise TypeError('Request url must be str or unicode, got %s:' % type(url).__name__)
	exceptions.TypeError: Request url must be str or unicode, got list:
	
2014-03-28 16:31:06+0800 [spider] INFO: Closing spider (finished)
2014-03-28 16:31:06+0800 [spider] INFO: Dumping Scrapy stats:
	{'downloader/request_bytes': 210,
	 'downloader/request_count': 1,
	 'downloader/request_method_count/GET': 1,
	 'downloader/response_bytes': 5609,
	 'downloader/response_count': 1,
	 'downloader/response_status_count/200': 1,
	 'finish_reason': 'finished',
	 'finish_time': datetime.datetime(2014, 3, 28, 8, 31, 6, 151000),
	 'log_count/DEBUG': 3,
	 'log_count/ERROR': 1,
	 'log_count/INFO': 7,
	 'response_received_count': 1,
	 'scheduler/dequeued': 1,
	 'scheduler/dequeued/memory': 1,
	 'scheduler/enqueued': 1,
	 'scheduler/enqueued/memory': 1,
	 'spider_exceptions/TypeError': 1,
	 'start_time': datetime.datetime(2014, 3, 28, 8, 31, 5, 417000)}
2014-03-28 16:31:06+0800 [spider] INFO: Spider closed (finished)
